Test run for C:\source\db\sharpgraph\tests\SharpGraph.Tests\bin\Debug\net9.0\SharpGraph.Tests.dll (.NETCoreApp,Version=v9.0)
VSTest version 17.14.1 (x64)

Starting test execution, please wait...
A total of 1 test files matched the specified pattern.
dotnet : [xUnit.net 00:00:00.27]     
SharpGraph.Tests.Storage.LRUCacheTests.Eviction_RemovesLRU_WhenCapacityExceeded [FAIL]
At line:1 char:1
+ dotnet test tests/SharpGraph.Tests/SharpGraph.Tests.csproj --no-build ...
+ ~~~~~~~~~~~~~~~~~~~~~~~~~~~~~~~~~~~~~~~~~~~~~~~~~~~~~~~~~~~~~~~~~~~~~
    + CategoryInfo          : NotSpecified: ([xUnit.net 00:0...Exceeded [FAIL]:String 
   ) [], RemoteException
    + FullyQualifiedErrorId : NativeCommandError
 
  Failed SharpGraph.Tests.Storage.LRUCacheTests.Eviction_RemovesLRU_WhenCapacityExceeded [1 ms]
  Error Message:
   Assert.True() Failure
Expected: True
Actual:   False
  Stack Trace:
     at SharpGraph.Tests.Storage.LRUCacheTests.Eviction_RemovesLRU_WhenCapacityExceeded() in C:\source\db\sharpgraph\tests\SharpGraph.Tests\LRUCacheTests.cs:line 95
   at System.RuntimeMethodHandle.InvokeMethod(Object target, Void** arguments, Signature sig, Boolean isConstructor)
   at System.Reflection.MethodBaseInvoker.InvokeWithNoArgs(Object obj, BindingFlags invokeAttr)

Failed!  - Failed:     1, Passed:   289, Skipped:     0, Total:   290, Duration: 608 ms - SharpGraph.Tests.dll (net9.0)
